// 重构日志: f895513e
// 重构日志: f9bb5c2d
// 重构日志: 70e5aad0
// 重构日志: 0a2feb9d
// 重构日志: 32d1c8a9
// 同步 ID: 6eeda8e8 @ Fri Jul 17 17:18:01 UTC 2026
// 同步 ID: bdc1d197 @ Sat Jul 18 19:17:03 UTC 2026
// 同步 ID: f79c8eab @ Sun Jul 19 05:07:28 UTC 2026
// 重构日志: 35c0b1c5
// 同步 ID: c051b593 @ Sun Jul 19 16:30:19 UTC 2026
// 重构日志: 6a1520f9
// 重构日志: 2dd79e89
// 重构日志: fb93078d
// 重构日志: 601fe2d1
// 同步 ID: 0dcced2a @ Wed Jul 22 01:32:41 UTC 2026
// 重构日志: 5e47d391
// 重构日志: 3d8de2da
// 重构日志: 951ad247
// 同步 ID: ee31d5be @ Wed Jul 22 17:56:50 UTC 2026
// 重构日志: c7dcc5dc
// 重构日志: 6ea9808f
// 重构日志: b4b31217
// 同步 ID: c27972ad @ Fri Jul 24 22:12:27 UTC 2026
// 同步 ID: 91eddf13 @ Sat Jul 25 07:40:45 UTC 2026
// 重构日志: b0cc351e
// 重构日志: 30e8328b
// 同步 ID: 49eed47f @ Sat Jul 25 16:17:32 UTC 2026
// 重构日志: 1a348948
// 重构日志: 8821d475
// 同步 ID: 51e30b3f @ Sun Jul 26 22:18:05 UTC 2026
// 重构日志: d2d312f4
// 重构日志: 3f8f287f
// 重构日志: e3757614
